C:/TouchGFXProjects/Test_2/Core/Src/main.c:925:6:StartDefaultTask	1
C:/TouchGFXProjects/Test_2/Core/Src/main.c:280:6:SystemClock_Config	2
C:/TouchGFXProjects/Test_2/Core/Src/main.c:333:6:PeriphCommonClock_Config	1
C:/TouchGFXProjects/Test_2/Core/Src/main.c:167:5:main	5
C:/TouchGFXProjects/Test_2/Core/Src/main.c:776:6:ResetPressureBuffer	1
C:/TouchGFXProjects/Test_2/Core/Src/main.c:780:6:UpdatePressureBuffer	3
C:/TouchGFXProjects/Test_2/Core/Src/main.c:798:5:GetPressureHistory	2
C:/TouchGFXProjects/Test_2/Core/Src/main.c:862:6:ConvertToPressure	1
C:/TouchGFXProjects/Test_2/Core/Src/main.c:820:6:ReadPressureData	5
C:/TouchGFXProjects/Test_2/Core/Src/main.c:883:6:StartPressureTask	2
C:/TouchGFXProjects/Test_2/Core/Src/main.c:870:7:ConvertPressureToMMHg	1
C:/TouchGFXProjects/Test_2/Core/Src/main.c:875:10:ScalePressureForDisplay	1
C:/TouchGFXProjects/Test_2/Core/Src/main.c:1019:6:HAL_TIM_PeriodElapsedCallback	2
C:/TouchGFXProjects/Test_2/Core/Src/main.c:1036:6:Error_Handler	1
