C:/TouchGFXProjects/Test_2/Core/Src/main.c:925:6:StartDefaultTask	8	static
C:/TouchGFXProjects/Test_2/Core/Src/main.c:280:6:SystemClock_Config	120	static
C:/TouchGFXProjects/Test_2/Core/Src/main.c:333:6:PeriphCommonClock_Config	192	static
C:/TouchGFXProjects/Test_2/Core/Src/main.c:167:5:main	144	static,ignoring_inline_asm
C:/TouchGFXProjects/Test_2/Core/Src/main.c:776:6:ResetPressureBuffer	0	static
C:/TouchGFXProjects/Test_2/Core/Src/main.c:780:6:UpdatePressureBuffer	8	static
C:/TouchGFXProjects/Test_2/Core/Src/main.c:798:5:GetPressureHistory	20	static
C:/TouchGFXProjects/Test_2/Core/Src/main.c:862:6:ConvertToPressure	0	static
C:/TouchGFXProjects/Test_2/Core/Src/main.c:820:6:ReadPressureData	24	static
C:/TouchGFXProjects/Test_2/Core/Src/main.c:883:6:StartPressureTask	8	static
C:/TouchGFXProjects/Test_2/Core/Src/main.c:870:7:ConvertPressureToMMHg	0	static
C:/TouchGFXProjects/Test_2/Core/Src/main.c:875:10:ScalePressureForDisplay	0	static
C:/TouchGFXProjects/Test_2/Core/Src/main.c:1019:6:HAL_TIM_PeriodElapsedCallback	0	static
C:/TouchGFXProjects/Test_2/Core/Src/main.c:1036:6:Error_Handler	0	static
