C:/TouchGFXProjects/Test_2/Core/Src/main.c:169:5:main	24	static,ignoring_inline_asm
C:/TouchGFXProjects/Test_2/Core/Src/main.c:281:6:SystemClock_Config	120	static
C:/TouchGFXProjects/Test_2/Core/Src/main.c:334:6:PeriphCommonClock_Config	192	static
C:/TouchGFXProjects/Test_2/Core/Src/main.c:361:13:MX_CRC_Init	16	static
C:/TouchGFXProjects/Test_2/Core/Src/main.c:399:13:MX_DMA2D_Init	8	static
C:/TouchGFXProjects/Test_2/Core/Src/main.c:428:13:MX_I2C4_Init	8	static
C:/TouchGFXProjects/Test_2/Core/Src/main.c:476:13:MX_LTDC_Init	64	static
C:/TouchGFXProjects/Test_2/Core/Src/main.c:538:13:MX_OCTOSPI1_Init	40	static
C:/TouchGFXProjects/Test_2/Core/Src/main.c:602:13:MX_OCTOSPI2_Init	80	static
C:/TouchGFXProjects/Test_2/Core/Src/main.c:682:13:MX_GPIO_Init	64	static
C:/TouchGFXProjects/Test_2/Core/Src/main.c:779:6:ResetPressureBuffer	8	static
C:/TouchGFXProjects/Test_2/Core/Src/main.c:783:6:UpdatePressureBuffer	16	static
C:/TouchGFXProjects/Test_2/Core/Src/main.c:801:5:GetPressureHistory	32	static
C:/TouchGFXProjects/Test_2/Core/Src/main.c:823:6:ReadPressureData	24	static
C:/TouchGFXProjects/Test_2/Core/Src/main.c:860:6:ConvertToPressure	24	static
C:/TouchGFXProjects/Test_2/Core/Src/main.c:871:6:CalibrateSensor	8	static
C:/TouchGFXProjects/Test_2/Core/Src/main.c:876:7:ConvertPressureToMMHg	16	static
C:/TouchGFXProjects/Test_2/Core/Src/main.c:881:10:ScalePressureForDisplay	24	static
C:/TouchGFXProjects/Test_2/Core/Src/main.c:889:6:StartPressureTask	24	static
C:/TouchGFXProjects/Test_2/Core/Src/main.c:946:6:StartDefaultTask	16	static
C:/TouchGFXProjects/Test_2/Core/Src/main.c:964:6:MPU_Config	24	static
C:/TouchGFXProjects/Test_2/Core/Src/main.c:1040:6:HAL_TIM_PeriodElapsedCallback	16	static
C:/TouchGFXProjects/Test_2/Core/Src/main.c:1057:6:Error_Handler	4	static
