C:/TouchGFXProjects/Test_2/Core/Src/main.c:850:6:StartDefaultTask	1
C:/TouchGFXProjects/Test_2/Core/Src/main.c:265:6:SystemClock_Config	2
C:/TouchGFXProjects/Test_2/Core/Src/main.c:318:6:PeriphCommonClock_Config	1
C:/TouchGFXProjects/Test_2/Core/Src/main.c:152:5:main	5
C:/TouchGFXProjects/Test_2/Core/Src/main.c:797:6:ConvertToPressure	1
C:/TouchGFXProjects/Test_2/Core/Src/main.c:762:6:ReadPressureData	5
C:/TouchGFXProjects/Test_2/Core/Src/main.c:803:7:ConvertPressureToMMHg	1
C:/TouchGFXProjects/Test_2/Core/Src/main.c:808:10:ScalePressureForDisplay	1
C:/TouchGFXProjects/Test_2/Core/Src/main.c:816:6:StartPressureTask	1
C:/TouchGFXProjects/Test_2/Core/Src/main.c:949:6:HAL_TIM_PeriodElapsedCallback	2
C:/TouchGFXProjects/Test_2/Core/Src/main.c:966:6:Error_Handler	1
