C:/TouchGFXProjects/Test_2/Core/Src/main.c:850:6:StartDefaultTask	8	static
C:/TouchGFXProjects/Test_2/Core/Src/main.c:265:6:SystemClock_Config	120	static
C:/TouchGFXProjects/Test_2/Core/Src/main.c:318:6:PeriphCommonClock_Config	192	static
C:/TouchGFXProjects/Test_2/Core/Src/main.c:152:5:main	144	static,ignoring_inline_asm
C:/TouchGFXProjects/Test_2/Core/Src/main.c:797:6:ConvertToPressure	0	static
C:/TouchGFXProjects/Test_2/Core/Src/main.c:762:6:ReadPressureData	24	static
C:/TouchGFXProjects/Test_2/Core/Src/main.c:803:7:ConvertPressureToMMHg	0	static
C:/TouchGFXProjects/Test_2/Core/Src/main.c:808:10:ScalePressureForDisplay	0	static
C:/TouchGFXProjects/Test_2/Core/Src/main.c:816:6:StartPressureTask	8	static
C:/TouchGFXProjects/Test_2/Core/Src/main.c:949:6:HAL_TIM_PeriodElapsedCallback	0	static
C:/TouchGFXProjects/Test_2/Core/Src/main.c:966:6:Error_Handler	0	static
