C:/TouchGFXProjects/Test_2/Core/Src/main.c:848:6:StartDefaultTask	8	static
C:/TouchGFXProjects/Test_2/Core/Src/main.c:262:6:SystemClock_Config	120	static
C:/TouchGFXProjects/Test_2/Core/Src/main.c:315:6:PeriphCommonClock_Config	192	static
C:/TouchGFXProjects/Test_2/Core/Src/main.c:149:5:main	144	static,ignoring_inline_asm
C:/TouchGFXProjects/Test_2/Core/Src/main.c:795:6:ConvertToPressure	0	static
C:/TouchGFXProjects/Test_2/Core/Src/main.c:759:6:ReadPressureData	24	static
C:/TouchGFXProjects/Test_2/Core/Src/main.c:801:7:ConvertPressureToMMHg	0	static
C:/TouchGFXProjects/Test_2/Core/Src/main.c:806:10:ScalePressureForDisplay	0	static
C:/TouchGFXProjects/Test_2/Core/Src/main.c:814:6:StartPressureTask	8	static
C:/TouchGFXProjects/Test_2/Core/Src/main.c:947:6:HAL_TIM_PeriodElapsedCallback	0	static
C:/TouchGFXProjects/Test_2/Core/Src/main.c:964:6:Error_Handler	0	static
