C:/TouchGFXProjects/Test_2/Core/Src/main.c:168:5:main	24	static,ignoring_inline_asm
C:/TouchGFXProjects/Test_2/Core/Src/main.c:280:6:SystemClock_Config	120	static
C:/TouchGFXProjects/Test_2/Core/Src/main.c:333:6:PeriphCommonClock_Config	192	static
C:/TouchGFXProjects/Test_2/Core/Src/main.c:360:13:MX_CRC_Init	16	static
C:/TouchGFXProjects/Test_2/Core/Src/main.c:398:13:MX_DMA2D_Init	8	static
C:/TouchGFXProjects/Test_2/Core/Src/main.c:427:13:MX_I2C4_Init	8	static
C:/TouchGFXProjects/Test_2/Core/Src/main.c:475:13:MX_LTDC_Init	64	static
C:/TouchGFXProjects/Test_2/Core/Src/main.c:537:13:MX_OCTOSPI1_Init	40	static
C:/TouchGFXProjects/Test_2/Core/Src/main.c:601:13:MX_OCTOSPI2_Init	80	static
C:/TouchGFXProjects/Test_2/Core/Src/main.c:681:13:MX_GPIO_Init	64	static
C:/TouchGFXProjects/Test_2/Core/Src/main.c:776:6:ResetPressureBuffer	8	static
C:/TouchGFXProjects/Test_2/Core/Src/main.c:780:6:UpdatePressureBuffer	16	static
C:/TouchGFXProjects/Test_2/Core/Src/main.c:798:5:GetPressureHistory	32	static
C:/TouchGFXProjects/Test_2/Core/Src/main.c:820:6:ReadPressureData	24	static
C:/TouchGFXProjects/Test_2/Core/Src/main.c:857:6:ConvertToPressure	24	static
C:/TouchGFXProjects/Test_2/Core/Src/main.c:868:6:CalibrateSensor	8	static
C:/TouchGFXProjects/Test_2/Core/Src/main.c:873:7:ConvertPressureToMMHg	16	static
C:/TouchGFXProjects/Test_2/Core/Src/main.c:878:10:ScalePressureForDisplay	24	static
C:/TouchGFXProjects/Test_2/Core/Src/main.c:886:6:StartPressureTask	16	static
C:/TouchGFXProjects/Test_2/Core/Src/main.c:928:6:StartDefaultTask	16	static
C:/TouchGFXProjects/Test_2/Core/Src/main.c:946:6:MPU_Config	24	static
C:/TouchGFXProjects/Test_2/Core/Src/main.c:1022:6:HAL_TIM_PeriodElapsedCallback	16	static
C:/TouchGFXProjects/Test_2/Core/Src/main.c:1039:6:Error_Handler	4	static
