C:/TouchGFXProjects/Test_2/Core/Src/stm32h7xx_hal_msp.c:65:6:HAL_MspInit	8	static
C:/TouchGFXProjects/Test_2/Core/Src/stm32h7xx_hal_msp.c:89:6:HAL_CRC_MspInit	8	static
C:/TouchGFXProjects/Test_2/Core/Src/stm32h7xx_hal_msp.c:112:6:HAL_CRC_MspDeInit	0	static
C:/TouchGFXProjects/Test_2/Core/Src/stm32h7xx_hal_msp.c:134:6:HAL_DMA2D_MspInit	16	static
C:/TouchGFXProjects/Test_2/Core/Src/stm32h7xx_hal_msp.c:160:6:HAL_DMA2D_MspDeInit	0	static
C:/TouchGFXProjects/Test_2/Core/Src/stm32h7xx_hal_msp.c:185:6:HAL_LTDC_MspInit	264	static
C:/TouchGFXProjects/Test_2/Core/Src/stm32h7xx_hal_msp.c:333:6:HAL_LTDC_MspDeInit	8	static
C:/TouchGFXProjects/Test_2/Core/Src/stm32h7xx_hal_msp.c:406:6:HAL_OSPI_MspInit	96	static
C:/TouchGFXProjects/Test_2/Core/Src/stm32h7xx_hal_msp.c:554:6:HAL_OSPI_MspDeInit	8	static
