C:/TouchGFXProjects/Test_2/Core/Src/stm32h7xx_hal_msp.c:65:6:HAL_MspInit	16	static
C:/TouchGFXProjects/Test_2/Core/Src/stm32h7xx_hal_msp.c:94:6:HAL_CRC_MspInit	8	static
C:/TouchGFXProjects/Test_2/Core/Src/stm32h7xx_hal_msp.c:117:6:HAL_CRC_MspDeInit	0	static
C:/TouchGFXProjects/Test_2/Core/Src/stm32h7xx_hal_msp.c:139:6:HAL_DMA2D_MspInit	16	static
C:/TouchGFXProjects/Test_2/Core/Src/stm32h7xx_hal_msp.c:165:6:HAL_DMA2D_MspDeInit	0	static
C:/TouchGFXProjects/Test_2/Core/Src/stm32h7xx_hal_msp.c:190:6:HAL_I2C_MspInit	224	static
C:/TouchGFXProjects/Test_2/Core/Src/stm32h7xx_hal_msp.c:237:6:HAL_I2C_MspDeInit	8	static
C:/TouchGFXProjects/Test_2/Core/Src/stm32h7xx_hal_msp.c:268:6:HAL_LTDC_MspInit	264	static
C:/TouchGFXProjects/Test_2/Core/Src/stm32h7xx_hal_msp.c:416:6:HAL_LTDC_MspDeInit	8	static
C:/TouchGFXProjects/Test_2/Core/Src/stm32h7xx_hal_msp.c:489:6:HAL_OSPI_MspInit	96	static
C:/TouchGFXProjects/Test_2/Core/Src/stm32h7xx_hal_msp.c:637:6:HAL_OSPI_MspDeInit	8	static
