C:/TouchGFXProjects/Test_2/Core/Src/stm32h7xx_it.c:73:6:NMI_Handler	4	static
C:/TouchGFXProjects/Test_2/Core/Src/stm32h7xx_it.c:86:6:HardFault_Handler	4	static
C:/TouchGFXProjects/Test_2/Core/Src/stm32h7xx_it.c:101:6:MemManage_Handler	4	static
C:/TouchGFXProjects/Test_2/Core/Src/stm32h7xx_it.c:116:6:BusFault_Handler	4	static
C:/TouchGFXProjects/Test_2/Core/Src/stm32h7xx_it.c:131:6:UsageFault_Handler	4	static
C:/TouchGFXProjects/Test_2/Core/Src/stm32h7xx_it.c:146:6:DebugMon_Handler	4	static
C:/TouchGFXProjects/Test_2/Core/Src/stm32h7xx_it.c:166:6:PVD_AVD_IRQHandler	8	static
C:/TouchGFXProjects/Test_2/Core/Src/stm32h7xx_it.c:180:6:TIM6_DAC_IRQHandler	8	static
C:/TouchGFXProjects/Test_2/Core/Src/stm32h7xx_it.c:194:6:LTDC_IRQHandler	8	static
C:/TouchGFXProjects/Test_2/Core/Src/stm32h7xx_it.c:208:6:DMA2D_IRQHandler	8	static
