../../Middlewares/ST/touchgfx/framework/include/touchgfx/Screen.hpp:104:18:virtual void touchgfx::Screen::afterTransition()	0	static
../../Middlewares/ST/touchgfx/framework/include/touchgfx/Screen.hpp:154:18:virtual void touchgfx::Screen::handleKeyEvent(uint8_t)	0	static
C:/TouchGFXProjects/Test_2/TouchGFX/gui/src/screen2_screen/Screen2View.cpp:34:6:virtual void Screen2View::tearDownScreen()	0	static
../../TouchGFX/gui/include/gui/screen2_screen/Screen2View.hpp:24:13:Screen2View::~Screen2View()	8	static
../../TouchGFX/gui/include/gui/screen2_screen/Screen2View.hpp:24:13:virtual Screen2View::~Screen2View()	8	static
../../Middlewares/ST/touchgfx/framework/include/touchgfx/widgets/canvas/CWRUtil.hpp:828:15:static touchgfx::CWRUtil::Q5 touchgfx::CWRUtil::muldiv_toQ5(int32_t, int32_t, int32_t)	24	static
C:/TouchGFXProjects/Test_2/TouchGFX/gui/src/screen2_screen/Screen2View.cpp:21:1:Screen2View::Screen2View()	8	static
C:/TouchGFXProjects/Test_2/TouchGFX/gui/src/screen2_screen/Screen2View.cpp:39:6:void Screen2View::updatePressureGraph()	16	static
C:/TouchGFXProjects/Test_2/TouchGFX/gui/src/screen2_screen/Screen2View.cpp:68:6:virtual void Screen2View::handleTickEvent()	40	static
C:/TouchGFXProjects/Test_2/TouchGFX/gui/src/screen2_screen/Screen2View.cpp:26:6:virtual void Screen2View::setupScreen()	8	static
C:/TouchGFXProjects/Test_2/TouchGFX/gui/src/screen2_screen/Screen2View.cpp:116:6:void Screen2View::updateInfoWidgetPosition()	40	static
C:/TouchGFXProjects/Test_2/TouchGFX/gui/src/screen2_screen/Screen2View.cpp:101:6:virtual void Screen2View::graph1Clicked(touchgfx::AbstractDataGraph::GraphClickEvent)	8	static
C:/TouchGFXProjects/Test_2/TouchGFX/gui/src/screen2_screen/Screen2View.cpp:110:6:virtual void Screen2View::graph1Dragged(touchgfx::AbstractDataGraph::GraphDragEvent)	8	static
