../../Middlewares/ST/touchgfx/framework/include/touchgfx/Screen.hpp:104:18:virtual void touchgfx::Screen::afterTransition()	0	static
../../Middlewares/ST/touchgfx/framework/include/touchgfx/Screen.hpp:154:18:virtual void touchgfx::Screen::handleKeyEvent(uint8_t)	0	static
C:/TouchGFXProjects/Test_2/TouchGFX/gui/src/screen2_screen/Screen2View.cpp:28:6:virtual void Screen2View::tearDownScreen()	0	static
../../TouchGFX/gui/include/gui/screen2_screen/Screen2View.hpp:18:13:Screen2View::~Screen2View()	8	static
../../TouchGFX/gui/include/gui/screen2_screen/Screen2View.hpp:18:13:virtual Screen2View::~Screen2View()	8	static
../../Middlewares/ST/touchgfx/framework/include/touchgfx/widgets/canvas/CWRUtil.hpp:828:15:static touchgfx::CWRUtil::Q5 touchgfx::CWRUtil::muldiv_toQ5(int32_t, int32_t, int32_t)	24	static
C:/TouchGFXProjects/Test_2/TouchGFX/gui/src/screen2_screen/Screen2View.cpp:16:1:Screen2View::Screen2View()	8	static
C:/TouchGFXProjects/Test_2/TouchGFX/gui/src/screen2_screen/Screen2View.cpp:33:6:void Screen2View::updatePressureGraph()	0	static
C:/TouchGFXProjects/Test_2/TouchGFX/gui/src/screen2_screen/Screen2View.cpp:41:6:virtual void Screen2View::handleTickEvent()	0	static
C:/TouchGFXProjects/Test_2/TouchGFX/gui/src/screen2_screen/Screen2View.cpp:21:6:virtual void Screen2View::setupScreen()	8	static
C:/TouchGFXProjects/Test_2/TouchGFX/gui/src/screen2_screen/Screen2View.cpp:67:6:void Screen2View::updateInfoWidgetPosition()	40	static
C:/TouchGFXProjects/Test_2/TouchGFX/gui/src/screen2_screen/Screen2View.cpp:52:6:virtual void Screen2View::graph1Clicked(touchgfx::AbstractDataGraph::GraphClickEvent)	8	static
C:/TouchGFXProjects/Test_2/TouchGFX/gui/src/screen2_screen/Screen2View.cpp:61:6:virtual void Screen2View::graph1Dragged(touchgfx::AbstractDataGraph::GraphDragEvent)	8	static
